INFO:root:I am going to start my first program
WARNING:root:This is the first warning of my program so modify it
ERROR:root:Major Error Kindly recheck it
